Archive member included to satisfy reference by file (symbol)

C:/Program Files/ST/STM32CubeCLT_1.16.0/GNU-tools-for-STM32/bin/../lib/gcc/arm-none-eabi/12.3.1/../../../../arm-none-eabi/lib/thumb/v7e-m+fp/hard\libc_nano.a(libc_a-exit.o)
                              C:/Program Files/ST/STM32CubeCLT_1.16.0/GNU-tools-for-STM32/bin/../lib/gcc/arm-none-eabi/12.3.1/../../../../arm-none-eabi/lib/thumb/v7e-m+fp/hard/crt0.o (exit)
C:/Program Files/ST/STM32CubeCLT_1.16.0/GNU-tools-for-STM32/bin/../lib/gcc/arm-none-eabi/12.3.1/../../../../arm-none-eabi/lib/thumb/v7e-m+fp/hard\libc_nano.a(libc_a-findfp.o)
                              C:/Program Files/ST/STM32CubeCLT_1.16.0/GNU-tools-for-STM32/bin/../lib/gcc/arm-none-eabi/12.3.1/../../../../arm-none-eabi/lib/thumb/v7e-m+fp/hard\libc_nano.a(libc_a-exit.o) (__stdio_exit_handler)
C:/Program Files/ST/STM32CubeCLT_1.16.0/GNU-tools-for-STM32/bin/../lib/gcc/arm-none-eabi/12.3.1/../../../../arm-none-eabi/lib/thumb/v7e-m+fp/hard\libc_nano.a(libc_a-fwalk.o)
                              C:/Program Files/ST/STM32CubeCLT_1.16.0/GNU-tools-for-STM32/bin/../lib/gcc/arm-none-eabi/12.3.1/../../../../arm-none-eabi/lib/thumb/v7e-m+fp/hard\libc_nano.a(libc_a-findfp.o) (_fwalk_sglue)
C:/Program Files/ST/STM32CubeCLT_1.16.0/GNU-tools-for-STM32/bin/../lib/gcc/arm-none-eabi/12.3.1/../../../../arm-none-eabi/lib/thumb/v7e-m+fp/hard\libc_nano.a(libc_a-stdio.o)
                              C:/Program Files/ST/STM32CubeCLT_1.16.0/GNU-tools-for-STM32/bin/../lib/gcc/arm-none-eabi/12.3.1/../../../../arm-none-eabi/lib/thumb/v7e-m+fp/hard\libc_nano.a(libc_a-findfp.o) (__sread)
C:/Program Files/ST/STM32CubeCLT_1.16.0/GNU-tools-for-STM32/bin/../lib/gcc/arm-none-eabi/12.3.1/../../../../arm-none-eabi/lib/thumb/v7e-m+fp/hard\libc_nano.a(libc_a-memset.o)
                              C:/Program Files/ST/STM32CubeCLT_1.16.0/GNU-tools-for-STM32/bin/../lib/gcc/arm-none-eabi/12.3.1/../../../../arm-none-eabi/lib/thumb/v7e-m+fp/hard/crt0.o (memset)
C:/Program Files/ST/STM32CubeCLT_1.16.0/GNU-tools-for-STM32/bin/../lib/gcc/arm-none-eabi/12.3.1/../../../../arm-none-eabi/lib/thumb/v7e-m+fp/hard\libc_nano.a(libc_a-closer.o)
                              C:/Program Files/ST/STM32CubeCLT_1.16.0/GNU-tools-for-STM32/bin/../lib/gcc/arm-none-eabi/12.3.1/../../../../arm-none-eabi/lib/thumb/v7e-m+fp/hard\libc_nano.a(libc_a-stdio.o) (_close_r)
C:/Program Files/ST/STM32CubeCLT_1.16.0/GNU-tools-for-STM32/bin/../lib/gcc/arm-none-eabi/12.3.1/../../../../arm-none-eabi/lib/thumb/v7e-m+fp/hard\libc_nano.a(libc_a-reent.o)
                              C:/Program Files/ST/STM32CubeCLT_1.16.0/GNU-tools-for-STM32/bin/../lib/gcc/arm-none-eabi/12.3.1/../../../../arm-none-eabi/lib/thumb/v7e-m+fp/hard\libc_nano.a(libc_a-closer.o) (errno)
C:/Program Files/ST/STM32CubeCLT_1.16.0/GNU-tools-for-STM32/bin/../lib/gcc/arm-none-eabi/12.3.1/../../../../arm-none-eabi/lib/thumb/v7e-m+fp/hard\libc_nano.a(libc_a-impure.o)
                              C:/Program Files/ST/STM32CubeCLT_1.16.0/GNU-tools-for-STM32/bin/../lib/gcc/arm-none-eabi/12.3.1/../../../../arm-none-eabi/lib/thumb/v7e-m+fp/hard\libc_nano.a(libc_a-reent.o) (_impure_ptr)
C:/Program Files/ST/STM32CubeCLT_1.16.0/GNU-tools-for-STM32/bin/../lib/gcc/arm-none-eabi/12.3.1/../../../../arm-none-eabi/lib/thumb/v7e-m+fp/hard\libc_nano.a(libc_a-lseekr.o)
                              C:/Program Files/ST/STM32CubeCLT_1.16.0/GNU-tools-for-STM32/bin/../lib/gcc/arm-none-eabi/12.3.1/../../../../arm-none-eabi/lib/thumb/v7e-m+fp/hard\libc_nano.a(libc_a-stdio.o) (_lseek_r)
C:/Program Files/ST/STM32CubeCLT_1.16.0/GNU-tools-for-STM32/bin/../lib/gcc/arm-none-eabi/12.3.1/../../../../arm-none-eabi/lib/thumb/v7e-m+fp/hard\libc_nano.a(libc_a-readr.o)
                              C:/Program Files/ST/STM32CubeCLT_1.16.0/GNU-tools-for-STM32/bin/../lib/gcc/arm-none-eabi/12.3.1/../../../../arm-none-eabi/lib/thumb/v7e-m+fp/hard\libc_nano.a(libc_a-stdio.o) (_read_r)
C:/Program Files/ST/STM32CubeCLT_1.16.0/GNU-tools-for-STM32/bin/../lib/gcc/arm-none-eabi/12.3.1/../../../../arm-none-eabi/lib/thumb/v7e-m+fp/hard\libc_nano.a(libc_a-writer.o)
                              C:/Program Files/ST/STM32CubeCLT_1.16.0/GNU-tools-for-STM32/bin/../lib/gcc/arm-none-eabi/12.3.1/../../../../arm-none-eabi/lib/thumb/v7e-m+fp/hard\libc_nano.a(libc_a-stdio.o) (_write_r)
C:/Program Files/ST/STM32CubeCLT_1.16.0/GNU-tools-for-STM32/bin/../lib/gcc/arm-none-eabi/12.3.1/../../../../arm-none-eabi/lib/thumb/v7e-m+fp/hard\libc_nano.a(libc_a-init.o)
                              C:/Program Files/ST/STM32CubeCLT_1.16.0/GNU-tools-for-STM32/bin/../lib/gcc/arm-none-eabi/12.3.1/../../../../arm-none-eabi/lib/thumb/v7e-m+fp/hard/crt0.o (__libc_init_array)
C:/Program Files/ST/STM32CubeCLT_1.16.0/GNU-tools-for-STM32/bin/../lib/gcc/arm-none-eabi/12.3.1/../../../../arm-none-eabi/lib/thumb/v7e-m+fp/hard\libc_nano.a(libc_a-lock.o)
[...]
Memory Configuration

Name             Origin             Length             Attributes
RAM              0x20000000         0x00020000         xrw
FLASH            0x08000000         0x00080000         xr
*default*        0x00000000         0xffffffff

Linker script and memory map

LOAD C:/Program Files/ST/STM32CubeCLT_1.16.0/GNU-tools-for-STM32/bin/../lib/gcc/arm-none-eabi/12.3.1/thumb/v7e-m+fp/hard/crti.o
LOAD C:/Program Files/ST/STM32CubeCLT_1.16.0/GNU-tools-for-STM32/bin/../lib/gcc/arm-none-eabi/12.3.1/thumb/v7e-m+fp/hard/crtbegin.o
LOAD C:/Program Files/ST/STM32CubeCLT_1.16.0/GNU-tools-for-STM32/bin/../lib/gcc/arm-none-eabi/12.3.1/../../../../arm-none-eabi/lib/thumb/v7e-m+fp/hard/crt0.o
START GROUP
LOAD C:/Program Files/ST/STM32CubeCLT_1.16.0/GNU-tools-for-STM32/bin/../lib/gcc/arm-none-eabi/12.3.1/../../../../arm-none-eabi/lib/thumb/v7e-m+fp/hard\libc_nano.a
LOAD C:/Program Files/ST/STM32CubeCLT_1.16.0/GNU-tools-for-STM32/bin/../lib/gcc/arm-none-eabi/12.3.1/../../../../arm-none-eabi/lib/thumb/v7e-m+fp/hard\libm.a
END GROUP
LOAD CMakeFiles/faderbay.dir/Core/Src/main.c.obj
LOAD CMakeFiles/faderbay.dir/Core/Src/stm32f4xx_it.c.obj
LOAD CMakeFiles/faderbay.dir/Core/Src/stm32f4xx_hal_msp.c.obj
LOAD CMakeFiles/faderbay.dir/Drivers/STM32F4xx_HAL_Driver/Src/stm32f4xx_hal_adc.c.obj
LOAD CMakeFiles/faderbay.dir/Drivers/STM32F4xx_HAL_Driver/Src/stm32f4xx_hal_adc_ex.c.obj
LOAD CMakeFiles/faderbay.dir/Drivers/STM32F4xx_HAL_Driver/Src/stm32f4xx_ll_adc.c.obj
LOAD CMakeFiles/faderbay.dir/Drivers/STM32F4xx_HAL_Driver/Src/stm32f4xx_hal_rcc.c.obj
LOAD CMakeFiles/faderbay.dir/Drivers/STM32F4xx_HAL_Driver/Src/stm32f4xx_hal_rcc_ex.c.obj
LOAD CMakeFiles/faderbay.dir/Drivers/STM32F4xx_HAL_Driver/Src/stm32f4xx_hal_flash.c.obj
LOAD CMakeFiles/faderbay.dir/Drivers/STM32F4xx_HAL_Driver/Src/stm32f4xx_hal_flash_ex.c.obj
LOAD CMakeFiles/faderbay.dir/Drivers/STM32F4xx_HAL_Driver/Src/stm32f4xx_hal_flash_ramfunc.c.obj
LOAD CMakeFiles/faderbay.dir/Drivers/STM32F4xx_HAL_Driver/Src/stm32f4xx_hal_gpio.c.obj
LOAD CMakeFiles/faderbay.dir/Drivers/STM32F4xx_HAL_Driver/Src/stm32f4xx_hal_dma_ex.c.obj
LOAD CMakeFiles/faderbay.dir/Drivers/STM32F4xx_HAL_Driver/Src/stm32f4xx_hal_dma.c.obj
LOAD CMakeFiles/faderbay.dir/Drivers/STM32F4xx_HAL_Driver/Src/stm32f4xx_hal_pwr.c.obj
LOAD CMakeFiles/faderbay.dir/Drivers/STM32F4xx_HAL_Driver/Src/stm32f4xx_hal_pwr_ex.c.obj
LOAD CMakeFiles/faderbay.dir/Drivers/STM32F4xx_HAL_Driver/Src/stm32f4xx_hal_cortex.c.obj
LOAD CMakeFiles/faderbay.dir/Drivers/STM32F4xx_HAL_Driver/Src/stm32f4xx_hal.c.obj
LOAD CMakeFiles/faderbay.dir/Drivers/STM32F4xx_HAL_Driver/Src/stm32f4xx_hal_exti.c.obj
LOAD CMakeFiles/faderbay.dir/Drivers/STM32F4xx_HAL_Driver/Src/stm32f4xx_hal_tim.c.obj
LOAD CMakeFiles/faderbay.dir/Drivers/STM32F4xx_HAL_Driver/Src/stm32f4xx_hal_tim_ex.c.obj
LOAD CMakeFiles/faderbay.dir/Core/Src/system_stm32f4xx.c.obj
LOAD CMakeFiles/faderbay.dir/Core/Src/sysmem.c.obj
LOAD CMakeFiles/faderbay.dir/Core/Src/syscalls.c.obj
LOAD CMakeFiles/faderbay.dir/startup_stm32f411xe.s.obj
START GROUP
LOAD C:/Program Files/ST/STM32CubeCLT_1.16.0/GNU-tools-for-STM32/bin/../lib/gcc/arm-none-eabi/12.3.1/thumb/v7e-m+fp/hard\libgcc.a
LOAD C:/Program Files/ST/STM32CubeCLT_1.16.0/GNU-tools-for-STM32/bin/../lib/gcc/arm-none-eabi/12.3.1/../../../../arm-none-eabi/lib/thumb/v7e-m+fp/hard\libg_nano.a
LOAD C:/Program Files/ST/STM32CubeCLT_1.16.0/GNU-tools-for-STM32/bin/../lib/gcc/arm-none-eabi/12.3.1/../../../../arm-none-eabi/lib/thumb/v7e-m+fp/hard\libc_nano.a
END GROUP
START GROUP
LOAD C:/Program Files/ST/STM32CubeCLT_1.16.0/GNU-tools-for-STM32/bin/../lib/gcc/arm-none-eabi/12.3.1/thumb/v7e-m+fp/hard\libgcc.a
LOAD C:/Program Files/ST/STM32CubeCLT_1.16.0/GNU-tools-for-STM32/bin/../lib/gcc/arm-none-eabi/12.3.1/../../../../arm-none-eabi/lib/thumb/v7e-m+fp/hard\libc_nano.a
END GROUP
LOAD C:/Program Files/ST/STM32CubeCLT_1.16.0/GNU-tools-for-STM32/bin/../lib/gcc/arm-none-eabi/12.3.1/thumb/v7e-m+fp/hard/crtend.o
LOAD C:/Program Files/ST/STM32CubeCLT_1.16.0/GNU-tools-for-STM32/bin/../lib/gcc/arm-none-eabi/12.3.1/thumb/v7e-m+fp/hard/crtn.o
                0x20020000                        _estack = (ORIGIN (RAM) + LENGTH (RAM))
                0x00000200                        _Min_Heap_Size = 0x200
                0x00000400                        _Min_Stack_Size = 0x400

.isr_vector     0x08000000      0x198
                0x08000000                        . = ALIGN (0x4)
 *(.isr_vector)
 .isr_vector    0x08000000      0x198 CMakeFiles/faderbay.dir/startup_stm32f411xe.s.obj
                0x08000000                g_pfnVectors
                0x08000198                        . = ALIGN (0x4)

.text           0x08000198     0x2090
                0x08000198                        . = ALIGN (0x4)
 *(.text)
 .text          0x08000198       0x40 C:/Program Files/ST/STM32CubeCLT_1.16.0/GNU-tools-for-STM32/bin/../lib/gcc/arm-none-eabi/12.3.1/thumb/v7e-m+fp/hard/crtbegin.o
 .text          0x080001d8       0x30 C:/Program Files/ST/STM32CubeCLT_1.16.0/GNU-tools-for-STM32/bin/../lib/gcc/arm-none-eabi/12.3.1/thumb/v7e-m+fp/hard\libgcc.a(_aeabi_uldivmod.o)
                0x080001d8                __aeabi_uldivmod
 .text          0x08000208      0x2bc C:/Program Files/ST/STM32CubeCLT_1.16.0/GNU-tools-for-STM32/bin/../lib/gcc/arm-none-eabi/12.3.1/thumb/v7e-m+fp/hard\libgcc.a(_udivmoddi4.o)
                0x08000208                __udivmoddi4
 .text          0x080004c4        0x4 C:/Program Files/ST/STM32CubeCLT_1.16.0/GNU-tools-for-STM32/bin/../lib/gcc/arm-none-eabi/12.3.1/thumb/v7e-m+fp/hard\libgcc.a(_dvmd_tls.o)
                0x080004c4                __aeabi_idiv0
                0x080004c4                __aeabi_ldiv0
 *(.text*)
 .text.memset   0x080004c8       0x10 C:/Program Files/ST/STM32CubeCLT_1.16.0/GNU-tools-for-STM32/bin/../lib/gcc/arm-none-eabi/12.3.1/../../../../arm-none-eabi/lib/thumb/v7e-m+fp/hard\libc_nano.a(libc_a-memset.o)
                0x080004c8                memset
 .text.__libc_init_array
                0x080004d8       0x48 C:/Program Files/ST/STM32CubeCLT_1.16.0/GNU-tools-for-STM32/bin/../lib/gcc/arm-none-eabi/12.3.1/../../../../arm-none-eabi/lib/thumb/v7e-m+fp/hard\libc_nano.a(libc_a-init.o)
                0x080004d8                __libc_init_array
 .text.main     0x08000520       0x1c CMakeFiles/faderbay.dir/Core/Src/main.c.obj
                0x08000520                main
 .text.SystemClock_Config
                0x0800053c       0xd0 CMakeFiles/faderbay.dir/Core/Src/main.c.obj
                0x0800053c                SystemClock_Config
 .text.MX_ADC1_Init
                0x0800060c       0xa4 CMakeFiles/faderbay.dir/Core/Src/main.c.obj
 .text.MX_TIM2_Init
                0x080006b0       0xa8 CMakeFiles/faderbay.dir/Core/Src/main.c.obj
 .text.MX_GPIO_Init
                0x08000758      0x158 CMakeFiles/faderbay.dir/Core/Src/main.c.obj
 .text.Error_Handler
                0x080008b0        0xc CMakeFiles/faderbay.dir/Core/Src/main.c.obj
                0x080008b0                Error_Handler
 .text.NMI_Handler
                0x080008bc        0x8 CMakeFiles/faderbay.dir/Core/Src/stm32f4xx_it.c.obj
                0x080008bc                NMI_Handler
 .text.HardFault_Handler
                0x080008c4        0x8 CMakeFiles/faderbay.dir/Core/Src/stm32f4xx_it.c.obj
                0x080008c4                HardFault_Handler
 .text.MemManage_Handler
                0x080008cc        0x8 CMakeFiles/faderbay.dir/Core/Src/stm32f4xx_it.c.obj
                0x080008cc                MemManage_Handler
 .text.BusFault_Handler
                0x080008d4        0x8 CMakeFiles/faderbay.dir/Core/Src/stm32f4xx_it.c.obj
                0x080008d4                BusFault_Handler
 .text.UsageFault_Handler
                0x080008dc        0x8 CMakeFiles/faderbay.dir/Core/Src/stm32f4xx_it.c.obj
                0x080008dc                UsageFault_Handler
 .text.SVC_Handler
                0x080008e4        0xe CMakeFiles/faderbay.dir/Core/Src/stm32f4xx_it.c.obj
                0x080008e4                SVC_Handler
 .text.DebugMon_Handler
                0x080008f2        0xe CMakeFiles/faderbay.dir/Core/Src/stm32f4xx_it.c.obj
                0x080008f2                DebugMon_Handler
 .text.PendSV_Handler
                0x08000900        0xe CMakeFiles/faderbay.dir/Core/Src/stm32f4xx_it.c.obj
                0x08000900                PendSV_Handler
 .text.SysTick_Handler
                0x0800090e        0xc CMakeFiles/faderbay.dir/Core/Src/stm32f4xx_it.c.obj
                0x0800090e                SysTick_Handler
 *fill*         0x0800091a        0x2 
 .text.HAL_MspInit
                0x0800091c       0x50 CMakeFiles/faderbay.dir/Core/Src/stm32f4xx_hal_msp.c.obj
                0x0800091c                HAL_MspInit
 .text.HAL_ADC_MspInit
                0x0800096c       0x88 CMakeFiles/faderbay.dir/Core/Src/stm32f4xx_hal_msp.c.obj
                0x0800096c                HAL_ADC_MspInit
 .text.HAL_TIM_Encoder_MspInit
                0x080009f4       0xcc CMakeFiles/faderbay.dir/Core/Src/stm32f4xx_hal_msp.c.obj
                0x080009f4                HAL_TIM_Encoder_MspInit
 .text.HAL_ADC_Init
                0x08000ac0       0x86 CMakeFiles/faderbay.dir/Drivers/STM32F4xx_HAL_Driver/Src/stm32f4xx_hal_adc.c.obj
                0x08000ac0                HAL_ADC_Init
 *fill*         0x08000b46        0x2 
 .text.HAL_ADC_ConfigChannel
                0x08000b48      0x264 CMakeFiles/faderbay.dir/Drivers/STM32F4xx_HAL_Driver/Src/stm32f4xx_hal_adc.c.obj
                0x08000b48                HAL_ADC_ConfigChannel
 .text.ADC_Init
                0x08000dac      0x1f8 CMakeFiles/faderbay.dir/Drivers/STM32F4xx_HAL_Driver/Src/stm32f4xx_hal_adc.c.obj
 .text.HAL_RCC_OscConfig
                0x08000fa4      0x4f0 CMakeFiles/faderbay.dir/Drivers/STM32F4xx_HAL_Driver/Src/stm32f4xx_hal_rcc.c.obj
                0x08000fa4                HAL_RCC_OscConfig
 .text.HAL_RCC_ClockConfig
                0x08001494      0x1cc CMakeFiles/faderbay.dir/Drivers/STM32F4xx_HAL_Driver/Src/stm32f4xx_hal_rcc.c.obj
                0x08001494                HAL_RCC_ClockConfig
 .text.HAL_RCC_GetSysClockFreq
                0x08001660      0x20c CMakeFiles/faderbay.dir/Drivers/STM32F4xx_HAL_Driver/Src/stm32f4xx_hal_rcc.c.obj
                0x08001660                HAL_RCC_GetSysClockFreq
 .text.HAL_GPIO_Init
                0x0800186c      0x308 CMakeFiles/faderbay.dir/Drivers/STM32F4xx_HAL_Driver/Src/stm32f4xx_hal_gpio.c.obj
                0x0800186c                HAL_GPIO_Init
 .text.HAL_GPIO_WritePin
                0x08001b74       0x32 CMakeFiles/faderbay.dir/Drivers/STM32F4xx_HAL_Driver/Src/stm32f4xx_hal_gpio.c.obj
                0x08001b74                HAL_GPIO_WritePin
 *fill*         0x08001ba6        0x2 
 .text.__NVIC_SetPriorityGrouping
                0x08001ba8       0x48 CMakeFiles/faderbay.dir/Drivers/STM32F4xx_HAL_Driver/Src/stm32f4xx_hal_cortex.c.obj
 .text.__NVIC_GetPriorityGrouping
                0x08001bf0       0x1c CMakeFiles/faderbay.dir/Drivers/STM32F4xx_HAL_Driver/Src/stm32f4xx_hal_cortex.c.obj
 .text.__NVIC_SetPriority
                0x08001c0c       0x54 CMakeFiles/faderbay.dir/Drivers/STM32F4xx_HAL_Driver/Src/stm32f4xx_hal_cortex.c.obj
 .text.NVIC_EncodePriority
                0x08001c60       0x66 CMakeFiles/faderbay.dir/Drivers/STM32F4xx_HAL_Driver/Src/stm32f4xx_hal_cortex.c.obj
 *fill*         0x08001cc6        0x2 
 .text.SysTick_Config
                0x08001cc8       0x44 CMakeFiles/faderbay.dir/Drivers/STM32F4xx_HAL_Driver/Src/stm32f4xx_hal_cortex.c.obj
 .text.HAL_NVIC_SetPriorityGrouping
                0x08001d0c       0x16 CMakeFiles/faderbay.dir/Drivers/STM32F4xx_HAL_Driver/Src/stm32f4xx_hal_cortex.c.obj
                0x08001d0c                HAL_NVIC_SetPriorityGrouping
 .text.HAL_NVIC_SetPriority
                0x08001d22       0x38 CMakeFiles/faderbay.dir/Drivers/STM32F4xx_HAL_Driver/Src/stm32f4xx_hal_cortex.c.obj
                0x08001d22                HAL_NVIC_SetPriority
 .text.HAL_SYSTICK_Config
                0x08001d5a       0x18 CMakeFiles/faderbay.dir/Drivers/STM32F4xx_HAL_Driver/Src/stm32f4xx_hal_cortex.c.obj
                0x08001d5a                HAL_SYSTICK_Config
 *fill*         0x08001d72        0x2 
 .text.HAL_Init
                0x08001d74       0x44 CMakeFiles/faderbay.dir/Drivers/STM32F4xx_HAL_Driver/Src/stm32f4xx_hal.c.obj
                0x08001d74                HAL_Init
 .text.HAL_InitTick
                0x08001db8       0x60 CMakeFiles/faderbay.dir/Drivers/STM32F4xx_HAL_Driver/Src/stm32f4xx_hal.c.obj
                0x08001db8                HAL_InitTick
 .text.HAL_IncTick
                0x08001e18       0x28 CMakeFiles/faderbay.dir/Drivers/STM32F4xx_HAL_Driver/Src/stm32f4xx_hal.c.obj
                0x08001e18                HAL_IncTick
 .text.HAL_GetTick
                0x08001e40       0x18 CMakeFiles/faderbay.dir/Drivers/STM32F4xx_HAL_Driver/Src/stm32f4xx_hal.c.obj
                0x08001e40                HAL_GetTick
 .text.HAL_TIM_Encoder_Init
                0x08001e58      0x14c CMakeFiles/faderbay.dir/Drivers/STM32F4xx_HAL_Driver/Src/stm32f4xx_hal_tim.c.obj
                0x08001e58                HAL_TIM_Encoder_Init
 .text.TIM_Base_SetConfig
                0x08001fa4      0x118 CMakeFiles/faderbay.dir/Drivers/STM32F4xx_HAL_Driver/Src/stm32f4xx_hal_tim.c.obj
                0x08001fa4                TIM_Base_SetConfig
 .text.HAL_TIMEx_MasterConfigSynchronization
                0x080020bc       0xdc CMakeFiles/faderbay.dir/Drivers/STM32F4xx_HAL_Driver/Src/stm32f4xx_hal_tim_ex.c.obj
                0x080020bc                HAL_TIMEx_MasterConfigSynchronization
 .text.SystemInit
                0x08002198       0x24 CMakeFiles/faderbay.dir/Core/Src/system_stm32f4xx.c.obj
                0x08002198                SystemInit
 .text.Reset_Handler
                0x080021bc       0x50 CMakeFiles/faderbay.dir/startup_stm32f411xe.s.obj
                0x080021bc                Reset_Handler
 .text.Default_Handler
                0x0800220c        0x2 CMakeFiles/faderbay.dir/startup_stm32f411xe.s.obj
                0x0800220c                RTC_Alarm_IRQHandler
                0x0800220c                EXTI2_IRQHandler
                0x0800220c                SPI4_IRQHandler
                0x0800220c                TIM1_CC_IRQHandler
                0x0800220c                DMA2_Stream5_IRQHandler
                0x0800220c                DMA1_Stream5_IRQHandler
                0x0800220c                PVD_IRQHandler
                0x0800220c                SDIO_IRQHandler
                0x0800220c                TAMP_STAMP_IRQHandler
                0x0800220c                EXTI3_IRQHandler
                0x0800220c                TIM1_UP_TIM10_IRQHandler
                0x0800220c                I2C3_ER_IRQHandler
                0x0800220c                EXTI0_IRQHandler
                0x0800220c                I2C2_EV_IRQHandler
                0x0800220c                DMA1_Stream2_IRQHandler
                0x0800220c                FPU_IRQHandler
                0x0800220c                DMA2_Stream2_IRQHandler
                0x0800220c                SPI1_IRQHandler
                0x0800220c                TIM1_BRK_TIM9_IRQHandler
                0x0800220c                DMA2_Stream3_IRQHandler
                0x0800220c                USART6_IRQHandler
                0x0800220c                DMA2_Stream0_IRQHandler
                0x0800220c                TIM4_IRQHandler
                0x0800220c                I2C1_EV_IRQHandler
                0x0800220c                DMA1_Stream6_IRQHandler
                0x0800220c                DMA1_Stream1_IRQHandler
                0x0800220c                TIM3_IRQHandler
                0x0800220c                RCC_IRQHandler
                0x0800220c                Default_Handler
                0x0800220c                EXTI15_10_IRQHandler
                0x0800220c                ADC_IRQHandler
                0x0800220c                DMA1_Stream7_IRQHandler
                0x0800220c                SPI5_IRQHandler
                0x0800220c                TIM5_IRQHandler
                0x0800220c                DMA2_Stream7_IRQHandler
                0x0800220c                I2C3_EV_IRQHandler
                0x0800220c                EXTI9_5_IRQHandler
                0x0800220c                RTC_WKUP_IRQHandler
                0x0800220c                SPI2_IRQHandler
                0x0800220c                DMA1_Stream0_IRQHandler
                0x0800220c                EXTI4_IRQHandler
                0x0800220c                WWDG_IRQHandler
                0x0800220c                TIM2_IRQHandler
                0x0800220c                OTG_FS_WKUP_IRQHandler
                0x0800220c                TIM1_TRG_COM_TIM11_IRQHandler
                0x0800220c                EXTI1_IRQHandler
                0x0800220c                USART2_IRQHandler
                0x0800220c                I2C2_ER_IRQHandler
                0x0800220c                DMA2_Stream1_IRQHandler
                0x0800220c                FLASH_IRQHandler
                0x0800220c                DMA2_Stream4_IRQHandler
                0x0800220c                USART1_IRQHandler
                0x0800220c                OTG_FS_IRQHandler
                0x0800220c                SPI3_IRQHandler
                0x0800220c                DMA1_Stream4_IRQHandler
                0x0800220c                I2C1_ER_IRQHandler
                0x0800220c                DMA2_Stream6_IRQHandler
                0x0800220c                DMA1_Stream3_IRQHandler
 *(.glue_7)
 .glue_7        0x0800220e        0x0 linker stubs
 *(.glue_7t)
 .glue_7t       0x0800220e        0x0 linker stubs
 *(.eh_frame)
 *fill*         0x0800220e        0x2 
 .eh_frame      0x08002210        0x0 C:/Program Files/ST/STM32CubeCLT_1.16.0/GNU-tools-for-STM32/bin/../lib/gcc/arm-none-eabi/12.3.1/thumb/v7e-m+fp/hard/crtbegin.o
 *(.init)
 .init          0x08002210        0x4 C:/Program Files/ST/STM32CubeCLT_1.16.0/GNU-tools-for-STM32/bin/../lib/gcc/arm-none-eabi/12.3.1/thumb/v7e-m+fp/hard/crti.o
                0x08002210                _init
 .init          0x08002214        0x8 C:/Program Files/ST/STM32CubeCLT_1.16.0/GNU-tools-for-STM32/bin/../lib/gcc/arm-none-eabi/12.3.1/thumb/v7e-m+fp/hard/crtn.o
 *(.fini)
 .fini          0x0800221c        0x4 C:/Program Files/ST/STM32CubeCLT_1.16.0/GNU-tools-for-STM32/bin/../lib/gcc/arm-none-eabi/12.3.1/thumb/v7e-m+fp/hard/crti.o
                0x0800221c                _fini
 .fini          0x08002220        0x8 C:/Program Files/ST/STM32CubeCLT_1.16.0/GNU-tools-for-STM32/bin/../lib/gcc/arm-none-eabi/12.3.1/thumb/v7e-m+fp/hard/crtn.o
                0x08002228                        . = ALIGN (0x4)
                0x08002228                        _etext = .

.vfp11_veneer   0x08002228        0x0
 .vfp11_veneer  0x08002228        0x0 linker stubs

.v4_bx          0x08002228        0x0
 .v4_bx         0x08002228        0x0 linker stubs

.iplt           0x08002228        0x0
 .iplt          0x08002228        0x0 C:/Program Files/ST/STM32CubeCLT_1.16.0/GNU-tools-for-STM32/bin/../lib/gcc/arm-none-eabi/12.3.1/thumb/v7e-m+fp/hard/crtbegin.o

.rodata         0x08002228       0x10
                0x08002228                        . = ALIGN (0x4)
 *(.rodata)
 *(.rodata*)
 .rodata.AHBPrescTable
                0x08002228       0x10 CMakeFiles/faderbay.dir/Core/Src/system_stm32f4xx.c.obj
                0x08002228                AHBPrescTable
                0x08002238                        . = ALIGN (0x4)

.ARM.extab
 *(.ARM.extab* .gnu.linkonce.armextab.*)

.ARM            0x08002238        0x8
                0x08002238                        __exidx_start = .
 *(.ARM.exidx*)
 .ARM.exidx     0x08002238        0x8 C:/Program Files/ST/STM32CubeCLT_1.16.0/GNU-tools-for-STM32/bin/../lib/gcc/arm-none-eabi/12.3.1/thumb/v7e-m+fp/hard\libgcc.a(_udivmoddi4.o)
                0x08002240                        __exidx_end = .

.rel.dyn        0x08002240        0x0
 .rel.iplt      0x08002240        0x0 C:/Program Files/ST/STM32CubeCLT_1.16.0/GNU-tools-for-STM32/bin/../lib/gcc/arm-none-eabi/12.3.1/thumb/v7e-m+fp/hard/crtbegin.o

.preinit_array  0x08002240        0x0
                0x08002240                        PROVIDE (__preinit_array_start = .)
 *(.preinit_array*)
                0x08002240                        PROVIDE (__preinit_array_end = .)

.init_array     0x08002240        0x4
                0x08002240                        PROVIDE (__init_array_start = .)
 *(SORT_BY_NAME(.init_array.*))
 *(.init_array*)
 .init_array    0x08002240        0x4 C:/Program Files/ST/STM32CubeCLT_1.16.0/GNU-tools-for-STM32/bin/../lib/gcc/arm-none-eabi/12.3.1/thumb/v7e-m+fp/hard/crtbegin.o
                0x08002244                        PROVIDE (__init_array_end = .)

.fini_array     0x08002244        0x4
                [!provide]                        PROVIDE (__fini_array_start = .)
 *(SORT_BY_NAME(.fini_array.*))
 *(.fini_array*)
 .fini_array    0x08002244        0x4 C:/Program Files/ST/STM32CubeCLT_1.16.0/GNU-tools-for-STM32/bin/../lib/gcc/arm-none-eabi/12.3.1/thumb/v7e-m+fp/hard/crtbegin.o
                [!provide]                        PROVIDE (__fini_array_end = .)
                0x08002248                        _sidata = LOADADDR (.data)

.data           0x20000000        0xc load address 0x08002248
                0x20000000                        . = ALIGN (0x4)
                0x20000000                        _sdata = .
 *(.data)
 *(.data*)
 .data.uwTickPrio
                0x20000000        0x4 CMakeFiles/faderbay.dir/Drivers/STM32F4xx_HAL_Driver/Src/stm32f4xx_hal.c.obj
                0x20000000                uwTickPrio
 .data.uwTickFreq
                0x20000004        0x1 CMakeFiles/faderbay.dir/Drivers/STM32F4xx_HAL_Driver/Src/stm32f4xx_hal.c.obj
                0x20000004                uwTickFreq
 *fill*         0x20000005        0x3 
 .data.SystemCoreClock
                0x20000008        0x4 CMakeFiles/faderbay.dir/Core/Src/system_stm32f4xx.c.obj
                0x20000008                SystemCoreClock
                0x2000000c                        . = ALIGN (0x4)
                0x2000000c                        _edata = .

.igot.plt       0x2000000c        0x0 load address 0x08002254
 .igot.plt      0x2000000c        0x0 C:/Program Files/ST/STM32CubeCLT_1.16.0/GNU-tools-for-STM32/bin/../lib/gcc/arm-none-eabi/12.3.1/thumb/v7e-m+fp/hard/crtbegin.o
                0x2000000c                        . = ALIGN (0x4)

.bss            0x2000000c       0xb0 load address 0x08002254
                0x2000000c                        _sbss = .
                0x2000000c                        __bss_start__ = _sbss
 *(.bss)
 .bss           0x2000000c       0x1c C:/Program Files/ST/STM32CubeCLT_1.16.0/GNU-tools-for-STM32/bin/../lib/gcc/arm-none-eabi/12.3.1/thumb/v7e-m+fp/hard/crtbegin.o
 *(.bss*)
 .bss.hadc1     0x20000028       0x48 CMakeFiles/faderbay.dir/Core/Src/main.c.obj
                0x20000028                hadc1
 .bss.htim2     0x20000070       0x48 CMakeFiles/faderbay.dir/Core/Src/main.c.obj
                0x20000070                htim2
 .bss.uwTick    0x200000b8        0x4 CMakeFiles/faderbay.dir/Drivers/STM32F4xx_HAL_Driver/Src/stm32f4xx_hal.c.obj
                0x200000b8                uwTick
 *(COMMON)
                0x200000bc                        . = ALIGN (0x4)
                0x200000bc                        _ebss = .
                0x200000bc                        __bss_end__ = _ebss

._user_heap_stack
                0x200000bc      0x604 load address 0x08002254
                0x200000c0                        . = ALIGN (0x8)
 *fill*         0x200000bc        0x4 
                [!provide]                        PROVIDE (end = .)
                0x200000c0                        PROVIDE (_end = .)
                0x200002c0                        . = (. + _Min_Heap_Size)
 *fill*         0x200000c0      0x200 
                0x200006c0                        . = (. + _Min_Stack_Size)
 *fill*         0x200002c0      0x400 
                0x200006c0                        . = ALIGN (0x8)

/DISCARD/
 libc.a(*)
 libm.a(*)
 libgcc.a(*)
OUTPUT(faderbay.elf elf32-littlearm)
LOAD linker stubs
LOAD C:/Program Files/ST/STM32CubeCLT_1.16.0/GNU-tools-for-STM32/bin/../lib/gcc/arm-none-eabi/12.3.1/../../../../arm-none-eabi/lib/thumb/v7e-m+fp/hard\libc.a
LOAD C:/Program Files/ST/STM32CubeCLT_1.16.0/GNU-tools-for-STM32/bin/../lib/gcc/arm-none-eabi/12.3.1/../../../../arm-none-eabi/lib/thumb/v7e-m+fp/hard\libm.a
LOAD C:/Program Files/ST/STM32CubeCLT_1.16.0/GNU-tools-for-STM32/bin/../lib/gcc/arm-none-eabi/12.3.1/thumb/v7e-m+fp/hard\libgcc.a

.ARM.attributes
                0x00000000       0x30
 .ARM.attributes
                0x00000000       0x22 C:/Program Files/ST/STM32CubeCLT_1.16.0/GNU-tools-for-STM32/bin/../lib/gcc/arm-none-eabi/12.3.1/thumb/v7e-m+fp/hard/crti.o
 .ARM.attributes
                0x00000022       0x34 C:/Program Files/ST/STM32CubeCLT_1.16.0/GNU-tools-for-STM32/bin/../lib/gcc/arm-none-eabi/12.3.1/thumb/v7e-m+fp/hard/crtbegin.o
 .ARM.attributes
                0x00000056       0x34 C:/Program Files/ST/STM32CubeCLT_1.16.0/GNU-tools-for-STM32/bin/../lib/gcc/arm-none-eabi/12.3.1/../../../../arm-none-eabi/lib/thumb/v7e-m+fp/hard\libc_nano.a(libc_a-memset.o)
 .ARM.attributes
                0x0000008a       0x34 C:/Program Files/ST/STM32CubeCLT_1.16.0/GNU-tools-for-STM32/bin/../lib/gcc/arm-none-eabi/12.3.1/../../../../arm-none-eabi/lib/thumb/v7e-m+fp/hard\libc_nano.a(libc_a-init.o)
 .ARM.attributes
                0x000000be       0x34 CMakeFiles/faderbay.dir/Core/Src/main.c.obj
 .ARM.attributes
                0x000000f2       0x34 CMakeFiles/faderbay.dir/Core/Src/stm32f4xx_it.c.obj
 .ARM.attributes
                0x00000126       0x34 CMakeFiles/faderbay.dir/Core/Src/stm32f4xx_hal_msp.c.obj
 .ARM.attributes
                0x0000015a       0x34 CMakeFiles/faderbay.dir/Drivers/STM32F4xx_HAL_Driver/Src/stm32f4xx_hal_adc.c.obj
 .ARM.attributes
                0x0000018e       0x34 CMakeFiles/faderbay.dir/Drivers/STM32F4xx_HAL_Driver/Src/stm32f4xx_hal_rcc.c.obj
 .ARM.attributes
                0x000001c2       0x34 CMakeFiles/faderbay.dir/Drivers/STM32F4xx_HAL_Driver/Src/stm32f4xx_hal_gpio.c.obj
 .ARM.attributes
                0x000001f6       0x34 CMakeFiles/faderbay.dir/Drivers/STM32F4xx_HAL_Driver/Src/stm32f4xx_hal_cortex.c.obj
 .ARM.attributes
                0x0000022a       0x34 CMakeFiles/faderbay.dir/Drivers/STM32F4xx_HAL_Driver/Src/stm32f4xx_hal.c.obj
 .ARM.attributes
                0x0000025e       0x34 CMakeFiles/faderbay.dir/Drivers/STM32F4xx_HAL_Driver/Src/stm32f4xx_hal_tim.c.obj
 .ARM.attributes
                0x00000292       0x34 CMakeFiles/faderbay.dir/Drivers/STM32F4xx_HAL_Driver/Src/stm32f4xx_hal_tim_ex.c.obj
 .ARM.attributes
                0x000002c6       0x34 CMakeFiles/faderbay.dir/Core/Src/system_stm32f4xx.c.obj
 .ARM.attributes
                0x000002fa       0x21 CMakeFiles/faderbay.dir/startup_stm32f411xe.s.obj
 .ARM.attributes
                0x0000031b       0x22 C:/Program Files/ST/STM32CubeCLT_1.16.0/GNU-tools-for-STM32/bin/../lib/gcc/arm-none-eabi/12.3.1/thumb/v7e-m+fp/hard\libgcc.a(_aeabi_uldivmod.o)
 .ARM.attributes
                0x0000033d       0x34 C:/Program Files/ST/STM32CubeCLT_1.16.0/GNU-tools-for-STM32/bin/../lib/gcc/arm-none-eabi/12.3.1/thumb/v7e-m+fp/hard\libgcc.a(_udivmoddi4.o)
 .ARM.attributes
                0x00000371       0x22 C:/Program Files/ST/STM32CubeCLT_1.16.0/GNU-tools-for-STM32/bin/../lib/gcc/arm-none-eabi/12.3.1/thumb/v7e-m+fp/hard\libgcc.a(_dvmd_tls.o)
 .ARM.attributes
                0x00000393       0x22 C:/Program Files/ST/STM32CubeCLT_1.16.0/GNU-tools-for-STM32/bin/../lib/gcc/arm-none-eabi/12.3.1/thumb/v7e-m+fp/hard/crtn.o

.comment        0x00000000       0x43
 .comment       0x00000000       0x43 CMakeFiles/faderbay.dir/Core/Src/main.c.obj
                                 0x44 (size before relaxing)
 .comment       0x00000043       0x44 CMakeFiles/faderbay.dir/Core/Src/stm32f4xx_it.c.obj
 .comment       0x00000043       0x44 CMakeFiles/faderbay.dir/Core/Src/stm32f4xx_hal_msp.c.obj
 .comment       0x00000043       0x44 CMakeFiles/faderbay.dir/Drivers/STM32F4xx_HAL_Driver/Src/stm32f4xx_hal_adc.c.obj
 .comment       0x00000043       0x44 CMakeFiles/faderbay.dir/Drivers/STM32F4xx_HAL_Driver/Src/stm32f4xx_hal_rcc.c.obj
 .comment       0x00000043       0x44 CMakeFiles/faderbay.dir/Drivers/STM32F4xx_HAL_Driver/Src/stm32f4xx_hal_gpio.c.obj
 .comment       0x00000043       0x44 CMakeFiles/faderbay.dir/Drivers/STM32F4xx_HAL_Driver/Src/stm32f4xx_hal_cortex.c.obj
 .comment       0x00000043       0x44 CMakeFiles/faderbay.dir/Drivers/STM32F4xx_HAL_Driver/Src/stm32f4xx_hal.c.obj
 .comment       0x00000043       0x44 CMakeFiles/faderbay.dir/Drivers/STM32F4xx_HAL_Driver/Src/stm32f4xx_hal_tim.c.obj
 .comment       0x00000043       0x44 CMakeFiles/faderbay.dir/Drivers/STM32F4xx_HAL_Driver/Src/stm32f4xx_hal_tim_ex.c.obj
 .comment       0x00000043       0x44 CMakeFiles/faderbay.dir/Core/Src/system_stm32f4xx.c.obj

.debug_frame    0x00000000     0x2b48
 .debug_frame   0x00000000       0x20 C:/Program Files/ST/STM32CubeCLT_1.16.0/GNU-tools-for-STM32/bin/../lib/gcc/arm-none-eabi/12.3.1/../../../../arm-none-eabi/lib/thumb/v7e-m+fp/hard\libc_nano.a(libc_a-memset.o)
 .debug_frame   0x00000020       0x2c C:/Program Files/ST/STM32CubeCLT_1.16.0/GNU-tools-for-STM32/bin/../lib/gcc/arm-none-eabi/12.3.1/../../../../arm-none-eabi/lib/thumb/v7e-m+fp/hard\libc_nano.a(libc_a-init.o)
 .debug_frame   0x0000004c       0xd4 CMakeFiles/faderbay.dir/Core/Src/main.c.obj
 .debug_frame   0x00000120      0x104 CMakeFiles/faderbay.dir/Core/Src/stm32f4xx_it.c.obj
 .debug_frame   0x00000224       0xc4 CMakeFiles/faderbay.dir/Core/Src/stm32f4xx_hal_msp.c.obj
 .debug_frame   0x000002e8      0x3fc CMakeFiles/faderbay.dir/Drivers/STM32F4xx_HAL_Driver/Src/stm32f4xx_hal_adc.c.obj
 .debug_frame   0x000006e4      0x1f4 CMakeFiles/faderbay.dir/Drivers/STM32F4xx_HAL_Driver/Src/stm32f4xx_hal_rcc.c.obj
 .debug_frame   0x000008d8      0x14c CMakeFiles/faderbay.dir/Drivers/STM32F4xx_HAL_Driver/Src/stm32f4xx_hal_gpio.c.obj
 .debug_frame   0x00000a24      0x508 CMakeFiles/faderbay.dir/Drivers/STM32F4xx_HAL_Driver/Src/stm32f4xx_hal_cortex.c.obj
 .debug_frame   0x00000f2c      0x374 CMakeFiles/faderbay.dir/Drivers/STM32F4xx_HAL_Driver/Src/stm32f4xx_hal.c.obj
 .debug_frame   0x000012a0     0x11b8 CMakeFiles/faderbay.dir/Drivers/STM32F4xx_HAL_Driver/Src/stm32f4xx_hal_tim.c.obj
 .debug_frame   0x00002458      0x638 CMakeFiles/faderbay.dir/Drivers/STM32F4xx_HAL_Driver/Src/stm32f4xx_hal_tim_ex.c.obj
 .debug_frame   0x00002a90       0x58 CMakeFiles/faderbay.dir/Core/Src/system_stm32f4xx.c.obj
 .debug_frame   0x00002ae8       0x2c C:/Program Files/ST/STM32CubeCLT_1.16.0/GNU-tools-for-STM32/bin/../lib/gcc/arm-none-eabi/12.3.1/thumb/v7e-m+fp/hard\libgcc.a(_aeabi_uldivmod.o)
 .debug_frame   0x00002b14       0x34 C:/Program Files/ST/STM32CubeCLT_1.16.0/GNU-tools-for-STM32/bin/../lib/gcc/arm-none-eabi/12.3.1/thumb/v7e-m+fp/hard\libgcc.a(_udivmoddi4.o)

.debug_info     0x00000000     0x95b8
 .debug_info    0x00000000     0x1103 CMakeFiles/faderbay.dir/Core/Src/main.c.obj
 .debug_info    0x00001103      0x112 CMakeFiles/faderbay.dir/Core/Src/stm32f4xx_it.c.obj
 .debug_info    0x00001215      0xd51 CMakeFiles/faderbay.dir/Core/Src/stm32f4xx_hal_msp.c.obj
 .debug_info    0x00001f66      0xcd1 CMakeFiles/faderbay.dir/Drivers/STM32F4xx_HAL_Driver/Src/stm32f4xx_hal_adc.c.obj
 .debug_info    0x00002c37      0x8f0 CMakeFiles/faderbay.dir/Drivers/STM32F4xx_HAL_Driver/Src/stm32f4xx_hal_rcc.c.obj
 .debug_info    0x00003527      0x6f9 CMakeFiles/faderbay.dir/Drivers/STM32F4xx_HAL_Driver/Src/stm32f4xx_hal_gpio.c.obj
 .debug_info    0x00003c20      0xcfc CMakeFiles/faderbay.dir/Drivers/STM32F4xx_HAL_Driver/Src/stm32f4xx_hal_cortex.c.obj
 .debug_info    0x0000491c      0x8c4 CMakeFiles/faderbay.dir/Drivers/STM32F4xx_HAL_Driver/Src/stm32f4xx_hal.c.obj
 .debug_info    0x000051e0     0x2996 CMakeFiles/faderbay.dir/Drivers/STM32F4xx_HAL_Driver/Src/stm32f4xx_hal_tim.c.obj
 .debug_info    0x00007b76     0x14d4 CMakeFiles/faderbay.dir/Drivers/STM32F4xx_HAL_Driver/Src/stm32f4xx_hal_tim_ex.c.obj
 .debug_info    0x0000904a      0x53e CMakeFiles/faderbay.dir/Core/Src/system_stm32f4xx.c.obj
 .debug_info    0x00009588       0x30 CMakeFiles/faderbay.dir/startup_stm32f411xe.s.obj

.debug_abbrev   0x00000000     0x170d
 .debug_abbrev  0x00000000      0x270 CMakeFiles/faderbay.dir/Core/Src/main.c.obj
 .debug_abbrev  0x00000270       0x73 CMakeFiles/faderbay.dir/Core/Src/stm32f4xx_it.c.obj
 .debug_abbrev  0x000002e3      0x1cc CMakeFiles/faderbay.dir/Core/Src/stm32f4xx_hal_msp.c.obj
 .debug_abbrev  0x000004af      0x20e CMakeFiles/faderbay.dir/Drivers/STM32F4xx_HAL_Driver/Src/stm32f4xx_hal_adc.c.obj
 .debug_abbrev  0x000006bd      0x2b6 CMakeFiles/faderbay.dir/Drivers/STM32F4xx_HAL_Driver/Src/stm32f4xx_hal_rcc.c.obj
 .debug_abbrev  0x00000973      0x1d3 CMakeFiles/faderbay.dir/Drivers/STM32F4xx_HAL_Driver/Src/stm32f4xx_hal_gpio.c.obj
 .debug_abbrev  0x00000b46      0x31d CMakeFiles/faderbay.dir/Drivers/STM32F4xx_HAL_Driver/Src/stm32f4xx_hal_cortex.c.obj
 .debug_abbrev  0x00000e63      0x24b CMakeFiles/faderbay.dir/Drivers/STM32F4xx_HAL_Driver/Src/stm32f4xx_hal.c.obj
 .debug_abbrev  0x000010ae      0x28b CMakeFiles/faderbay.dir/Drivers/STM32F4xx_HAL_Driver/Src/stm32f4xx_hal_tim.c.obj
 .debug_abbrev  0x00001339      0x296 CMakeFiles/faderbay.dir/Drivers/STM32F4xx_HAL_Driver/Src/stm32f4xx_hal_tim_ex.c.obj
 .debug_abbrev  0x000015cf      0x11a CMakeFiles/faderbay.dir/Core/Src/system_stm32f4xx.c.obj
 .debug_abbrev  0x000016e9       0x24 CMakeFiles/faderbay.dir/startup_stm32f411xe.s.obj

.debug_aranges  0x00000000      0xa58
 .debug_aranges
                0x00000000       0x48 CMakeFiles/faderbay.dir/Core/Src/main.c.obj
 .debug_aranges
                0x00000048       0x60 CMakeFiles/faderbay.dir/Core/Src/stm32f4xx_it.c.obj
 .debug_aranges
                0x000000a8       0x40 CMakeFiles/faderbay.dir/Core/Src/stm32f4xx_hal_msp.c.obj
 .debug_aranges
                0x000000e8       0xe8 CMakeFiles/faderbay.dir/Drivers/STM32F4xx_HAL_Driver/Src/stm32f4xx_hal_adc.c.obj
 .debug_aranges
                0x000001d0       0x88 CMakeFiles/faderbay.dir/Drivers/STM32F4xx_HAL_Driver/Src/stm32f4xx_hal_rcc.c.obj
 .debug_aranges
                0x00000258       0x58 CMakeFiles/faderbay.dir/Drivers/STM32F4xx_HAL_Driver/Src/stm32f4xx_hal_gpio.c.obj
 .debug_aranges
                0x000002b0      0x130 CMakeFiles/faderbay.dir/Drivers/STM32F4xx_HAL_Driver/Src/stm32f4xx_hal_cortex.c.obj
 .debug_aranges
                0x000003e0       0xf0 CMakeFiles/faderbay.dir/Drivers/STM32F4xx_HAL_Driver/Src/stm32f4xx_hal.c.obj
 .debug_aranges
                0x000004d0      0x3d0 CMakeFiles/faderbay.dir/Drivers/STM32F4xx_HAL_Driver/Src/stm32f4xx_hal_tim.c.obj
 .debug_aranges
                0x000008a0      0x168 CMakeFiles/faderbay.dir/Drivers/STM32F4xx_HAL_Driver/Src/stm32f4xx_hal_tim_ex.c.obj
 .debug_aranges
                0x00000a08       0x28 CMakeFiles/faderbay.dir/Core/Src/system_stm32f4xx.c.obj
 .debug_aranges
                0x00000a30       0x28 CMakeFiles/faderbay.dir/startup_stm32f411xe.s.obj

.debug_rnglists
                0x00000000      0x800
 .debug_rnglists
                0x00000000       0x35 CMakeFiles/faderbay.dir/Core/Src/main.c.obj
 .debug_rnglists
                0x00000035       0x43 CMakeFiles/faderbay.dir/Core/Src/stm32f4xx_it.c.obj
 .debug_rnglists
                0x00000078       0x2d CMakeFiles/faderbay.dir/Core/Src/stm32f4xx_hal_msp.c.obj
 .debug_rnglists
                0x000000a5       0xb5 CMakeFiles/faderbay.dir/Drivers/STM32F4xx_HAL_Driver/Src/stm32f4xx_hal_adc.c.obj
 .debug_rnglists
                0x0000015a       0x66 CMakeFiles/faderbay.dir/Drivers/STM32F4xx_HAL_Driver/Src/stm32f4xx_hal_rcc.c.obj
 .debug_rnglists
                0x000001c0       0x3f CMakeFiles/faderbay.dir/Drivers/STM32F4xx_HAL_Driver/Src/stm32f4xx_hal_gpio.c.obj
 .debug_rnglists
                0x000001ff       0xe0 CMakeFiles/faderbay.dir/Drivers/STM32F4xx_HAL_Driver/Src/stm32f4xx_hal_cortex.c.obj
 .debug_rnglists
                0x000002df       0xaf CMakeFiles/faderbay.dir/Drivers/STM32F4xx_HAL_Driver/Src/stm32f4xx_hal.c.obj
 .debug_rnglists
                0x0000038e      0x31a CMakeFiles/faderbay.dir/Drivers/STM32F4xx_HAL_Driver/Src/stm32f4xx_hal_tim.c.obj
 .debug_rnglists
                0x000006a8      0x125 CMakeFiles/faderbay.dir/Drivers/STM32F4xx_HAL_Driver/Src/stm32f4xx_hal_tim_ex.c.obj
 .debug_rnglists
                0x000007cd       0x1a CMakeFiles/faderbay.dir/Core/Src/system_stm32f4xx.c.obj
 .debug_rnglists
                0x000007e7       0x19 CMakeFiles/faderbay.dir/startup_stm32f411xe.s.obj

.debug_macro    0x00000000    0x164df
 .debug_macro   0x00000000      0x1fb CMakeFiles/faderbay.dir/Core/Src/main.c.obj
 .debug_macro   0x000001fb      0xab4 CMakeFiles/faderbay.dir/Core/Src/main.c.obj
 .debug_macro   0x00000caf      0x29b CMakeFiles/faderbay.dir/Core/Src/main.c.obj
 .debug_macro   0x00000f4a       0x2e CMakeFiles/faderbay.dir/Core/Src/main.c.obj
 .debug_macro   0x00000f78       0x28 CMakeFiles/faderbay.dir/Core/Src/main.c.obj
 .debug_macro   0x00000fa0       0x22 CMakeFiles/faderbay.dir/Core/Src/main.c.obj
 .debug_macro   0x00000fc2       0x8e CMakeFiles/faderbay.dir/Core/Src/main.c.obj
 .debug_macro   0x00001050       0x51 CMakeFiles/faderbay.dir/Core/Src/main.c.obj
 .debug_macro   0x000010a1      0x103 CMakeFiles/faderbay.dir/Core/Src/main.c.obj
 .debug_macro   0x000011a4       0x6a CMakeFiles/faderbay.dir/Core/Src/main.c.obj
 .debug_macro   0x0000120e      0x1df CMakeFiles/faderbay.dir/Core/Src/main.c.obj
 .debug_macro   0x000013ed       0x1c CMakeFiles/faderbay.dir/Core/Src/main.c.obj
 .debug_macro   0x00001409       0x22 CMakeFiles/faderbay.dir/Core/Src/main.c.obj
 .debug_macro   0x0000142b       0xfb CMakeFiles/faderbay.dir/Core/Src/main.c.obj
 .debug_macro   0x00001526     0x1011 CMakeFiles/faderbay.dir/Core/Src/main.c.obj
 .debug_macro   0x00002537      0x11f CMakeFiles/faderbay.dir/Core/Src/main.c.obj
 .debug_macro   0x00002656     0xb953 CMakeFiles/faderbay.dir/Core/Src/main.c.obj
 .debug_macro   0x0000dfa9       0x6d CMakeFiles/faderbay.dir/Core/Src/main.c.obj
 .debug_macro   0x0000e016     0x369a CMakeFiles/faderbay.dir/Core/Src/main.c.obj
 .debug_macro   0x000116b0      0x189 CMakeFiles/faderbay.dir/Core/Src/main.c.obj
 .debug_macro   0x00011839       0x5c CMakeFiles/faderbay.dir/Core/Src/main.c.obj
 .debug_macro   0x00011895      0x45c CMakeFiles/faderbay.dir/Core/Src/main.c.obj
 .debug_macro   0x00011cf1      0x9e9 CMakeFiles/faderbay.dir/Core/Src/main.c.obj
 .debug_macro   0x000126da      0x115 CMakeFiles/faderbay.dir/Core/Src/main.c.obj
 .debug_macro   0x000127ef      0x11b CMakeFiles/faderbay.dir/Core/Src/main.c.obj
 .debug_macro   0x0001290a       0xa5 CMakeFiles/faderbay.dir/Core/Src/main.c.obj
 .debug_macro   0x000129af      0x15f CMakeFiles/faderbay.dir/Core/Src/main.c.obj
 .debug_macro   0x00012b0e      0x287 CMakeFiles/faderbay.dir/Core/Src/main.c.obj
 .debug_macro   0x00012d95       0x5f CMakeFiles/faderbay.dir/Core/Src/main.c.obj
 .debug_macro   0x00012df4      0x236 CMakeFiles/faderbay.dir/Core/Src/main.c.obj
 .debug_macro   0x0001302a      0x9e1 CMakeFiles/faderbay.dir/Core/Src/main.c.obj
 .debug_macro   0x00013a0b      0x38b CMakeFiles/faderbay.dir/Core/Src/main.c.obj
 .debug_macro   0x00013d96      0x17d CMakeFiles/faderbay.dir/Core/Src/main.c.obj
 .debug_macro   0x00013f13       0xf9 CMakeFiles/faderbay.dir/Core/Src/main.c.obj
 .debug_macro   0x0001400c      0x132 CMakeFiles/faderbay.dir/Core/Src/main.c.obj
 .debug_macro   0x0001413e      0x264 CMakeFiles/faderbay.dir/Core/Src/main.c.obj
 .debug_macro   0x000143a2       0x2e CMakeFiles/faderbay.dir/Core/Src/main.c.obj
 .debug_macro   0x000143d0      0x127 CMakeFiles/faderbay.dir/Core/Src/main.c.obj
 .debug_macro   0x000144f7       0x85 CMakeFiles/faderbay.dir/Core/Src/main.c.obj
 .debug_macro   0x0001457c       0x89 CMakeFiles/faderbay.dir/Core/Src/main.c.obj
 .debug_macro   0x00014605      0x8ed CMakeFiles/faderbay.dir/Core/Src/main.c.obj
 .debug_macro   0x00014ef2       0x47 CMakeFiles/faderbay.dir/Core/Src/main.c.obj
 .debug_macro   0x00014f39      0x126 CMakeFiles/faderbay.dir/Core/Src/main.c.obj
 .debug_macro   0x0001505f       0x94 CMakeFiles/faderbay.dir/Core/Src/main.c.obj
 .debug_macro   0x000150f3      0x205 CMakeFiles/faderbay.dir/Core/Src/stm32f4xx_it.c.obj
 .debug_macro   0x000152f8      0x1fb CMakeFiles/faderbay.dir/Core/Src/stm32f4xx_hal_msp.c.obj
 .debug_macro   0x000154f3      0x1ed CMakeFiles/faderbay.dir/Drivers/STM32F4xx_HAL_Driver/Src/stm32f4xx_hal_adc.c.obj
 .debug_macro   0x000156e0      0x210 CMakeFiles/faderbay.dir/Drivers/STM32F4xx_HAL_Driver/Src/stm32f4xx_hal_rcc.c.obj
 .debug_macro   0x000158f0      0x1f2 CMakeFiles/faderbay.dir/Drivers/STM32F4xx_HAL_Driver/Src/stm32f4xx_hal_gpio.c.obj
 .debug_macro   0x00015ae2      0x1ec CMakeFiles/faderbay.dir/Drivers/STM32F4xx_HAL_Driver/Src/stm32f4xx_hal_cortex.c.obj
 .debug_macro   0x00015cce      0x24c CMakeFiles/faderbay.dir/Drivers/STM32F4xx_HAL_Driver/Src/stm32f4xx_hal.c.obj
 .debug_macro   0x00015f1a      0x1ed CMakeFiles/faderbay.dir/Drivers/STM32F4xx_HAL_Driver/Src/stm32f4xx_hal_tim.c.obj
 .debug_macro   0x00016107      0x1ec CMakeFiles/faderbay.dir/Drivers/STM32F4xx_HAL_Driver/Src/stm32f4xx_hal_tim_ex.c.obj
 .debug_macro   0x000162f3      0x1ec CMakeFiles/faderbay.dir/Core/Src/system_stm32f4xx.c.obj

.debug_line     0x00000000     0xb8fa
 .debug_line    0x00000000      0x955 CMakeFiles/faderbay.dir/Core/Src/main.c.obj
 .debug_line    0x00000955      0x892 CMakeFiles/faderbay.dir/Core/Src/stm32f4xx_it.c.obj
 .debug_line    0x000011e7      0x876 CMakeFiles/faderbay.dir/Core/Src/stm32f4xx_hal_msp.c.obj
 .debug_line    0x00001a5d     0x1285 CMakeFiles/faderbay.dir/Drivers/STM32F4xx_HAL_Driver/Src/stm32f4xx_hal_adc.c.obj
 .debug_line    0x00002ce2      0xe48 CMakeFiles/faderbay.dir/Drivers/STM32F4xx_HAL_Driver/Src/stm32f4xx_hal_rcc.c.obj
 .debug_line    0x00003b2a      0xc0d CMakeFiles/faderbay.dir/Drivers/STM32F4xx_HAL_Driver/Src/stm32f4xx_hal_gpio.c.obj
 .debug_line    0x00004737      0xdaf CMakeFiles/faderbay.dir/Drivers/STM32F4xx_HAL_Driver/Src/stm32f4xx_hal_cortex.c.obj
 .debug_line    0x000054e6      0xabd CMakeFiles/faderbay.dir/Drivers/STM32F4xx_HAL_Driver/Src/stm32f4xx_hal.c.obj
 .debug_line    0x00005fa3     0x363b CMakeFiles/faderbay.dir/Drivers/STM32F4xx_HAL_Driver/Src/stm32f4xx_hal_tim.c.obj
 .debug_line    0x000095de     0x1a4e CMakeFiles/faderbay.dir/Drivers/STM32F4xx_HAL_Driver/Src/stm32f4xx_hal_tim_ex.c.obj
 .debug_line    0x0000b02c      0x854 CMakeFiles/faderbay.dir/Core/Src/system_stm32f4xx.c.obj
 .debug_line    0x0000b880       0x7a CMakeFiles/faderbay.dir/startup_stm32f411xe.s.obj

.debug_str      0x00000000    0x93ee7
 .debug_str     0x00000000    0x91434 CMakeFiles/faderbay.dir/Core/Src/main.c.obj
                              0x9178a (size before relaxing)
 .debug_str     0x00091434       0xfe CMakeFiles/faderbay.dir/Core/Src/stm32f4xx_it.c.obj
                              0x90c4c (size before relaxing)
 .debug_str     0x00091532       0xf4 CMakeFiles/faderbay.dir/Core/Src/stm32f4xx_hal_msp.c.obj
                              0x914ae (size before relaxing)
 .debug_str     0x00091626      0x32e CMakeFiles/faderbay.dir/Drivers/STM32F4xx_HAL_Driver/Src/stm32f4xx_hal_adc.c.obj
                              0x91138 (size before relaxing)
 .debug_str     0x00091954      0x2d0 CMakeFiles/faderbay.dir/Drivers/STM32F4xx_HAL_Driver/Src/stm32f4xx_hal_rcc.c.obj
                              0x90f91 (size before relaxing)
 .debug_str     0x00091c24      0x156 CMakeFiles/faderbay.dir/Drivers/STM32F4xx_HAL_Driver/Src/stm32f4xx_hal_gpio.c.obj
                              0x90cd8 (size before relaxing)
 .debug_str     0x00091d7a      0x7f6 CMakeFiles/faderbay.dir/Drivers/STM32F4xx_HAL_Driver/Src/stm32f4xx_hal_cortex.c.obj
                              0x912f3 (size before relaxing)
 .debug_str     0x00092570      0x5b3 CMakeFiles/faderbay.dir/Drivers/STM32F4xx_HAL_Driver/Src/stm32f4xx_hal.c.obj
                              0x91589 (size before relaxing)
 .debug_str     0x00092b23      0xe13 CMakeFiles/faderbay.dir/Drivers/STM32F4xx_HAL_Driver/Src/stm32f4xx_hal_tim.c.obj
                              0x91ed5 (size before relaxing)
 .debug_str     0x00093936      0x4c8 CMakeFiles/faderbay.dir/Drivers/STM32F4xx_HAL_Driver/Src/stm32f4xx_hal_tim_ex.c.obj
                              0x916e1 (size before relaxing)
 .debug_str     0x00093dfe       0x7f CMakeFiles/faderbay.dir/Core/Src/system_stm32f4xx.c.obj
                              0x90b5d (size before relaxing)
 .debug_str     0x00093e7d       0x6a CMakeFiles/faderbay.dir/startup_stm32f411xe.s.obj
                                 0xae (size before relaxing)

.debug_line_str
                0x00000000       0x92
 .debug_line_str
                0x00000000       0x92 CMakeFiles/faderbay.dir/startup_stm32f411xe.s.obj
